
> nobroker@0.1.0 build
> next build

   Γû▓ Next.js 15.1.4

   Creating an optimized production build ...
 Γ£ô Compiled successfully
   Skipping linting
   Checking validity of types ...
   Collecting page data ...
   Generating static pages (0/7) ...
npm : Error occurred prerendering page "/AddProperty". Read more: 
https://nextjs.org/docs/messages/prerender-error
At line:1 char:29
+ cd 'E:\Projects\nobroker' ; npm run build 2>&1 | Tee-Object -FilePath ...
+                             ~~~~~~~~~~~~~~~~~~
    + CategoryInfo          : NotSpecified: (Error occurred ...prerender-error 
   :String) [], RemoteException
    + FullyQualifiedErrorId : NativeCommandError
 
ReferenceError: window is not defined
    at E:\Projects\nobroker\.next\server\app\AddProperty\page.js:1:4169
    at 5077 
(E:\Projects\nobroker\.next\server\app\AddProperty\page.js:1:150640)
    at t (E:\Projects\nobroker\.next\server\webpack-runtime.js:1:128)
    at 6101 
(E:\Projects\nobroker\.next\server\app\AddProperty\page.js:1:160775)
    at Object.t [as require] 
(E:\Projects\nobroker\.next\server\webpack-runtime.js:1:128)
    at require (E:\Projects\nobroker\node_modules\next\dist\compiled\next-serve
r\app-page.runtime.prod.js:131:7946)
    at u (E:\Projects\nobroker\node_modules\next\dist\compiled\next-server\app-
page.runtime.prod.js:36:646)
    at F (E:\Projects\nobroker\node_modules\next\dist\compiled\next-server\app-
page.runtime.prod.js:36:10477)
    at W (E:\Projects\nobroker\node_modules\next\dist\compiled\next-server\app-
page.runtime.prod.js:36:13033)
    at E:\Projects\nobroker\node_modules\next\dist\compiled\next-server\app-pag
e.runtime.prod.js:36:15283
Export encountered an error on /AddProperty/page: /AddProperty, exiting the 
build.
 Γ¿» Static worker exited with code: 1 and signal: null
